PRASANT PANT@PrasantPant MINGW64 ~
$ cd /f

PRASANT PANT@PrasantPant MINGW64 /f
$ cd Git

PRASANT PANT@PrasantPant MINGW64 /f/Git
$ cd test

PRASANT PANT@PrasantPant MINGW64 /f/Git/test
$ git init
Initialized empty Git repository in F:/Git/Test/.git/

PRASANT PANT@PrasantPant MINGW64 /f/Git/test (master)
$ git status
On branch master

No commits yet

Untracked files:
  (use "git add <file>..." to include in what will be committed)
        demo_test.txt

nothing added to commit but untracked files present (use "git add" to track)

PRASANT PANT@PrasantPant MINGW64 /f/Git/test (master)
$ git add demo_text.txt
fatal: pathspec 'demo_text.txt' did not match any files

PRASANT PANT@PrasantPant MINGW64 /f/Git/test (master)
$ git add demo_test.txt

PRASANT PANT@PrasantPant MINGW64 /f/Git/test (master)
$ git commit -m 'commiting a test file'
Author identity unknown

*** Please tell me who you are.

Run

  git config --global user.email "you@example.com"
  git config --global user.name "Your Name"

to set your account's default identity.
Omit --global to set the identity only in this repository.

fatal: unable to auto-detect email address (got 'PRASANT PANT@PrasantPant.(none)')

PRASANT PANT@PrasantPant MINGW64 /f/Git/test (master)
$ git config --global user.email 'prasantpant141@gmail.com'

PRASANT PANT@PrasantPant MINGW64 /f/Git/test (master)
$ git commit -m 'commiting a test file'
[master (root-commit) ee9c567] commiting a test file
 1 file changed, 0 insertions(+), 0 deletions(-)
 create mode 100644 demo_test.txt

PRASANT PANT@PrasantPant MINGW64 /f/Git/test (master)
$ git config --global user.email 'prasantpant141@gmail.com'

PRASANT PANT@PrasantPant MINGW64 /f/Git/test (master)
$ git commit -m 'commiting a test file'
[master (root-commit) ee9c567] commiting a test file
 1 file changed, 0 insertions(+), 0 deletions(-)
 create mode 100644 demo_test.txt




